Proof summary for theory Verification

	lemma_power_two_true............................................✅ proved              (0.502 s)
	lemma_power_two_false...........................................✅ proved              (0.365 s)
	finalcase1_to_finalcases........................................✅ proved              (0.368 s)
	finalcase2_to_finalcases........................................✅ proved              (0.377 s)
	finalcase3_to_finalcases........................................✅ proved              (0.363 s)
	finalcases_to_verification......................................✅ proved              (0.454 s)
	finalcases1_to_verification.....................................✅ proved              (0.485 s)
	finalcases2_to_verification.....................................✅ proved              (0.492 s)
	finalcases3_to_verification.....................................✅ proved              (0.498 s)
	poweroftwo_to_verification......................................✅ proved              (0.321 s)
	theorem_12_false................................................✅ proved              (0.746 s)
	is_power_of_two_TCC1............................................✅ proved              (0.321 s)
	is_power_of_two_TCC2............................................✅ proved              (0.372 s)
	final_cases_TCC1................................................✅ proved              (0.341 s)
	y_calculation_TCC1..............................................✅ proved              (0.362 s)
	y_determination_TCC1............................................❗ unfinished          (0.388 s)
	validate_string_TCC1............................................✅ proved              (0.303 s)
	verification_TCC1...............................................❗ unfinished          (0.423 s)
	verification_TCC2...............................................✅ proved              (0.334 s)
	verification_TCC3...............................................❗ unfinished          (0.545 s)
	verification_TCC4...............................................✅ proved              (0.409 s)
	verification_TCC5...............................................✅ proved              (0.419 s)
	verification_TCC6...............................................✅ proved              (0.443 s)
	finalcases_to_verification_TCC1.................................❗ unfinished          (0.338 s)
	finalcases_to_verification_TCC2.................................❗ unfinished          (0.312 s)
	finalcases_to_verification_TCC3.................................❗ unfinished          (0.354 s)
	finalcases1_to_verification_TCC1................................❗ unfinished          (0.381 s)
	finalcases2_to_verification_TCC1................................❗ unfinished          (0.389 s)

Theory Verification totals: 28 formulas, 28 attempted, 20 succeeded (11.405 s)